// Jest Snapshot v1, https://goo.gl/fbAQLP

exports[`Displays the Logo 1`] = `
<div>
  LOGO
</div>
`;
