// Jest Snapshot v1, https://goo.gl/fbAQLP

exports[`Shows the Footer 1`] = `
<div>
  This is the Footer
</div>
`;
